2026-08-22 06:06:35.710: [INFO] CurrentProfilePath: D:\Qspider\Core Java\Java-Practice\src\.metadata\.plugins\org.eclipse.swt\EBWebView\Default
2026-08-22 06:06:35.710: [INFO] Profiles total count: 1
2026-08-22 06:06:35.710: [INFO] Profile: name=Profile 1 path=D:\Qspider\Core Java\Java-Practice\src\.metadata\.plugins\org.eclipse.swt\EBWebView\Default lastActive=null
2026-08-22 06:06:35.710: [INFO] LastUsedProfileDir: D:\Qspider\Core Java\Java-Practice\src\.metadata\.plugins\org.eclipse.swt\EBWebView\Default
2026-08-22 06:06:35.710: [INFO] OnDoneLoading sync enabled: 0
2026-08-22 06:06:35.710: [INFO] BookmarkModelLoaded, ids_reassigned: 0
2026-08-22 06:06:35.711: [INFO] BookmarksLoadDropped droppedNodes=0
2026-08-22 06:06:35.711: [INFO] BookmarksSnapshot Startup total=0 bar=0 other=0 mobile=0 showBar=0 showBarNTP=1
2026-08-22 06:06:48.542: [INFO] BookmarksSnapshot Shutdown total=0 bar=0 other=0 mobile=0 showBar=0 showBarNTP=1
2026-08-22 06:06:49.216: [INFO] CurrentProfilePath: D:\Qspider\Core Java\Java-Practice\src\.metadata\.plugins\org.eclipse.swt\EBWebView\Default
2026-08-22 06:06:49.216: [INFO] Profiles total count: 1
2026-08-22 06:06:49.216: [INFO] Profile: name=Profile 1 path=D:\Qspider\Core Java\Java-Practice\src\.metadata\.plugins\org.eclipse.swt\EBWebView\Default lastActive=2026-08-22T06:06:37.270Z
2026-08-22 06:06:49.216: [INFO] LastUsedProfileDir: D:\Qspider\Core Java\Java-Practice\src\.metadata\.plugins\org.eclipse.swt\EBWebView\Default
2026-08-22 06:06:49.216: [INFO] MostRecentlyActiveProfile: name=Profile 1 path=D:\Qspider\Core Java\Java-Practice\src\.metadata\.plugins\org.eclipse.swt\EBWebView\Default lastActive=2026-08-22T06:06:37.270Z
2026-08-22 06:06:49.216: [INFO] OnDoneLoading sync enabled: 0
2026-08-22 06:06:49.216: [INFO] BookmarkModelLoaded, ids_reassigned: 0
2026-08-22 06:06:49.216: [INFO] BookmarksLoadDropped droppedNodes=0
2026-08-22 06:06:49.216: [INFO] BookmarksSnapshot Startup total=0 bar=0 other=0 mobile=0 showBar=0 showBarNTP=1
2026-08-22 06:09:12.239: [INFO] BookmarksSnapshot Shutdown total=0 bar=0 other=0 mobile=0 showBar=0 showBarNTP=1
2026-08-22 06:15:38.966: [INFO] CurrentProfilePath: D:\Qspider\Core Java\Java-Practice\src\.metadata\.plugins\org.eclipse.swt\EBWebView\Default
2026-08-22 06:15:38.966: [INFO] Profiles total count: 1
2026-08-22 06:15:38.967: [INFO] Profile: name=Profile 1 path=D:\Qspider\Core Java\Java-Practice\src\.metadata\.plugins\org.eclipse.swt\EBWebView\Default lastActive=2026-08-22T06:06:37.270Z
2026-08-22 06:15:38.967: [INFO] LastUsedProfileDir: D:\Qspider\Core Java\Java-Practice\src\.metadata\.plugins\org.eclipse.swt\EBWebView\Default
2026-08-22 06:15:38.967: [INFO] MostRecentlyActiveProfile: name=Profile 1 path=D:\Qspider\Core Java\Java-Practice\src\.metadata\.plugins\org.eclipse.swt\EBWebView\Default lastActive=2026-08-22T06:06:37.270Z
2026-08-22 06:15:38.967: [INFO] OnDoneLoading sync enabled: 0
2026-08-22 06:15:38.967: [INFO] BookmarkModelLoaded, ids_reassigned: 0
2026-08-22 06:15:38.967: [INFO] BookmarksLoadDropped droppedNodes=0
2026-08-22 06:15:38.967: [INFO] BookmarksSnapshot Startup total=0 bar=0 other=0 mobile=0 showBar=0 showBarNTP=1
2026-08-22 06:21:25.098: [INFO] BookmarksSnapshot Shutdown total=0 bar=0 other=0 mobile=0 showBar=0 showBarNTP=1
2026-08-22 06:22:03.150: [INFO] CurrentProfilePath: D:\Qspider\Core Java\Java-Practice\src\.metadata\.plugins\org.eclipse.swt\EBWebView\Default
2026-08-22 06:22:03.150: [INFO] Profiles total count: 1
2026-08-22 06:22:03.151: [INFO] Profile: name=Profile 1 path=D:\Qspider\Core Java\Java-Practice\src\.metadata\.plugins\org.eclipse.swt\EBWebView\Default lastActive=2026-08-22T06:06:37.270Z
2026-08-22 06:22:03.151: [INFO] LastUsedProfileDir: D:\Qspider\Core Java\Java-Practice\src\.metadata\.plugins\org.eclipse.swt\EBWebView\Default
2026-08-22 06:22:03.151: [INFO] MostRecentlyActiveProfile: name=Profile 1 path=D:\Qspider\Core Java\Java-Practice\src\.metadata\.plugins\org.eclipse.swt\EBWebView\Default lastActive=2026-08-22T06:06:37.270Z
2026-08-22 06:22:03.151: [INFO] OnDoneLoading sync enabled: 0
2026-08-22 06:22:03.151: [INFO] BookmarkModelLoaded, ids_reassigned: 0
2026-08-22 06:22:03.151: [INFO] BookmarksLoadDropped droppedNodes=0
2026-08-22 06:22:03.151: [INFO] BookmarksSnapshot Startup total=0 bar=0 other=0 mobile=0 showBar=0 showBarNTP=1
2026-08-22 06:25:37.779: [INFO] BookmarksSnapshot Shutdown total=0 bar=0 other=0 mobile=0 showBar=0 showBarNTP=1
